// Jest Snapshot v1, https://goo.gl/fbAQLP

exports[`home site should be rendered 1`] = `
<div
  className="test"
>
  <Link
    replace={false}
    to="/child/1"
  >
    child 1
  </Link>
  <Link
    replace={false}
    to="/child/2"
  >
    child 2
  </Link>
</div>
`;
