// Jest Snapshot v1, https://goo.gl/fbAQLP

exports[`layout should be rendered 1`] = `
<div
  className="wrapper"
>
  <header />
  <div
    className="content"
  >
    <div>
      abcd
    </div>
  </div>
  <footer />
</div>
`;
